[openkit.io/documentation/index.html]
[backblue.gif]
[fade.gif]
[index.html]
[openkit.io/css/reset.css]
[openkit.io/css/support.css]
[openkit.io/css/elusive-webfont.css]
[openkit.io/js/html5shiv.js]
[ajax.googleapis.com/ajax/libs/jquery/1.8.0/jquery.min.js]
[openkit.io/js/waypoints.min.js]
[openkit.io/images/logo.png]
[openkit.io/documentation/sample-apps.html]
[openkit.io/documentation/social-leaderboards.html]
[openkit.io/documentation/social-challenges.html]
[openkit.io/images/support/fb_1.png]
[openkit.io/images/support/fb_2.png]
[openkit.io/images/support/fb_3.png]
[openkit.io/images/ok_settings.png]
[openkit.io/images/ok_prefab.png]
[openkit.io/images/support/ios_2.png]
[openkit.io/images/support/ios_3.png]
[openkit.io/images/support/ios_4.png]
[openkit.io/images/support/ios_5.png]
[openkit.io/images/support/android_1.png]
[openkit.io/images/support/android_9.png]
[openkit.io/images/support/android_7.png]
[openkit.io/images/support/android_8.png]
[openkit.io/documentation/index.html]
[openkit.io/css/reset.css]
[openkit.io/images/bg.png]
[openkit.io/images/arrow.png]
[openkit.io/css/support.css]
[openkit.io/css/elusive-webfont.css]
[openkit.io/js/html5shiv.js]
[openkit.io/js/waypoints.min.js]
[openkit.io/images/support/unity_1.png]
[openkit.io/images/support/unity_2.png]
[openkit.io/images/support/android_3.png]
[openkit.io/documentation/sample-apps.html]
[openkit.io/images/ok_social_leaderboard.png]
[openkit.io/documentation/social-leaderboards.html]
[openkit.io/images/support/push_step_1.png]
[openkit.io/images/support/push_step_2.png]
[openkit.io/images/support/push_step_3.png]
[openkit.io/images/support/push_step_4.png]
[openkit.io/images/support/push_step_5.png]
[openkit.io/images/support/push_step_6.22.delayed]
[openkit.io/documentation/social-challenges.html]
[openkit.io/images/support/push_step_1.png]
